apiVersion: kubeone.k8c.io/v1beta3
kind: KubeOneCluster
versions:
  kubernetes: 1.30.1
controlPlane:
  hosts:
  - publicAddress: api1.mycluster.tld
  - publicAddress: api2.mycluster.tld
  - publicAddress: api3.mycluster.tld
apiEndpoint:
  host: api1.mycluster.tld
